{"message":"Demo鐩戞帶鏁版嵁鑾峰彇鎴愬姛","success":true,"data":{"overview":{"activeServices":15,"failureCalls":3,"dataSource":"REAL","totalCalls":50,"avgResponseTime":174.7,"successRate":94.0,"successCalls":47},"serviceStats":[{"serviceName":"UserService","methodName":"updateUser","consumerService":null,"providerService":null,"totalCalls":1,"successCalls":1,"failureCalls":0,"avgResponseTime":23.0,"maxResponseTime":23,"minResponseTime":23,"successRate":100.0,"lastCallTime":"2025-07-31T20:38:02.3007227","windowStartTime":null,"windowEndTime":null,"callsPerMinute":null,"qps":null},{"serviceName":"OrderService","methodName":"getOrderById","consumerService":null,"providerService":null,"totalCalls":9,"successCalls":9,"failureCalls":0,"avgResponseTime":134.66666666666666,"maxResponseTime":587,"minResponseTime":36,"successRate":100.0,"lastCallTime":"2025-07-31T20:41:02.385195","windowStartTime":null,"windowEndTime":null,"callsPerMinute":null,"qps":null},{"serviceName":"UserService","methodName":"getUserList","consumerService":null,"providerService":null,"totalCalls":2,"successCalls":2,"failureCalls":0,"avgResponseTime":197.0,"maxResponseTime":325,"minResponseTime":69,"successRate":100.0,"lastCallTime":"2025-07-31T20:40:20.2912574","windowStartTime":null,"windowEndTime":null,"callsPerMinute":null,"qps":null},{"serviceName":"UserService","methodName":"getUserById","consumerService":null,"providerService":null,"totalCalls":3,"successCalls":3,"failureCalls":0,"avgResponseTime":73.66666666666667,"maxResponseTime":104,"minResponseTime":24,"successRate":100.0,"lastCallTime":"2025-07-31T20:38:48.3876192","windowStartTime":null,"windowEndTime":null,"callsPerMinute":null,"qps":null},{"serviceName":"PaymentService","methodName":"getPaymentStatus","consumerService":null,"providerService":null,"totalCalls":2,"successCalls":2,"failureCalls":0,"avgResponseTime":52.0,"maxResponseTime":58,"minResponseTime":46,"successRate":100.0,"lastCallTime":"2025-07-31T20:38:37.3329739","windowStartTime":null,"windowEndTime":null,"callsPerMinute":null,"qps":null},{"serviceName":"InventoryService","methodName":"reserveStock","consumerService":null,"providerService":null,"totalCalls":3,"successCalls":2,"failureCalls":1,"avgResponseTime":45.666666666666664,"maxResponseTime":81,"minResponseTime":12,"successRate":66.66666666666666,"lastCallTime":"2025-07-31T20:36:52.3063515","windowStartTime":null,"windowEndTime":null,"callsPerMinute":null,"qps":null},{"serviceName":"UserService","methodName":"deleteUser","consumerService":null,"providerService":null,"totalCalls":3,"successCalls":2,"failureCalls":1,"avgResponseTime":351.6666666666667,"maxResponseTime":734,"minResponseTime":131,"successRate":66.66666666666666,"lastCallTime":"2025-07-31T20:39:13.2937628","windowStartTime":null,"windowEndTime":null,"callsPerMinute":null,"qps":null},{"serviceName":"UserService","methodName":"createUser","consumerService":null,"providerService":null,"totalCalls":1,"successCalls":1,"failureCalls":0,"avgResponseTime":52.0,"maxResponseTime":52,"minResponseTime":52,"successRate":100.0,"lastCallTime":"2025-07-31T20:36:14.0709954","windowStartTime":null,"windowEndTime":null,"callsPerMinute":null,"qps":null},{"serviceName":"InventoryService","methodName":"updateInventory","consumerService":null,"providerService":null,"totalCalls":5,"successCalls":5,"failureCalls":0,"avgResponseTime":62.2,"maxResponseTime":109,"minResponseTime":17,"successRate":100.0,"lastCallTime":"2025-07-31T20:39:03.3314656","windowStartTime":null,"windowEndTime":null,"callsPerMinute":null,"qps":null},{"serviceName":"OrderService","methodName":"createOrder","consumerService":null,"providerService":null,"totalCalls":2,"successCalls":2,"failureCalls":0,"avgResponseTime":465.0,"maxResponseTime":825,"minResponseTime":105,"successRate":100.0,"lastCallTime":"2025-07-31T20:40:45.3790504","windowStartTime":null,"windowEndTime":null,"callsPerMinute":null,"qps":null},{"serviceName":"InventoryService","methodName":"checkStock","consumerService":null,"providerService":null,"totalCalls":3,"successCalls":3,"failureCalls":0,"avgResponseTime":410.0,"maxResponseTime":1093,"minResponseTime":47,"successRate":100.0,"lastCallTime":"2025-07-31T20:39:13.3287768","windowStartTime":null,"windowEndTime":null,"callsPerMinute":null,"qps":null},{"serviceName":"OrderService","methodName":"getOrderList","consumerService":null,"providerService":null,"totalCalls":3,"successCalls":3,"failureCalls":0,"avgResponseTime":64.66666666666667,"maxResponseTime":93,"minResponseTime":31,"successRate":100.0,"lastCallTime":"2025-07-31T20:37:56.3392878","windowStartTime":null,"windowEndTime":null,"callsPerMinute":null,"qps":null},{"serviceName":"OrderService","methodName":"updateOrderStatus","consumerService":null,"providerService":null,"totalCalls":5,"successCalls":4,"failureCalls":1,"avgResponseTime":77.0,"maxResponseTime":162,"minResponseTime":44,"successRate":80.0,"lastCallTime":"2025-07-31T20:36:25.3764144","windowStartTime":null,"windowEndTime":null,"callsPerMinute":null,"qps":null},{"serviceName":"PaymentService","methodName":"processPayment","consumerService":null,"providerService":null,"totalCalls":3,"successCalls":3,"failureCalls":0,"avgResponseTime":357.0,"maxResponseTime":1041,"minResponseTime":11,"successRate":100.0,"lastCallTime":"2025-07-31T20:39:41.3411344","windowStartTime":null,"windowEndTime":null,"callsPerMinute":null,"qps":null},{"serviceName":"PaymentService","methodName":"refundPayment","consumerService":null,"providerService":null,"totalCalls":5,"successCalls":5,"failureCalls":0,"avgResponseTime":255.0,"maxResponseTime":986,"minResponseTime":36,"successRate":100.0,"lastCallTime":"2025-07-31T20:36:20.383064","windowStartTime":null,"windowEndTime":null,"callsPerMinute":null,"qps":null}],"recentCalls":[{"callId":"ca3883c621bf4f72","serviceName":"UserService","methodName":"getUserById","consumerIp":"192.168.1.135","providerIp":"192.168.1.214","startTime":"2025-07-31T20:38:48.3876192","endTime":"2025-07-31T20:38:48.4116192","responseTime":24,"status":"SUCCESS","errorMessage":null,"requestParams":"鍙傛暟鏁伴噺: 0","responseStatus":"姝ｅ父"},{"callId":"963ebd7bc8f4466d","serviceName":"OrderService","methodName":"getOrderById","consumerIp":"192.168.1.102","providerIp":"192.168.1.209","startTime":"2025-07-31T20:41:02.385195","endTime":"2025-07-31T20:41:02.486195","responseTime":101,"status":"SUCCESS","errorMessage":null,"requestParams":"鍙傛暟鏁伴噺: 1","responseStatus":"姝ｅ父"},{"callId":"a6e2b780a4b24aeb","serviceName":"PaymentService","methodName":"refundPayment","consumerIp":"192.168.1.139","providerIp":"192.168.1.208","startTime":"2025-07-31T20:36:20.383064","endTime":"2025-07-31T20:36:21.369064","responseTime":986,"status":"SUCCESS","errorMessage":null,"requestParams":"鍙傛暟鏁伴噺: 4","responseStatus":"姝ｅ父"},{"callId":"498e673a560341c4","serviceName":"UserService","methodName":"getUserById","consumerIp":"192.168.1.105","providerIp":"192.168.1.201","startTime":"2025-07-31T20:38:47.3810571","endTime":"2025-07-31T20:38:47.4850571","responseTime":104,"status":"SUCCESS","errorMessage":null,"requestParams":"鍙傛暟鏁伴噺: 2","responseStatus":"姝ｅ父"},{"callId":"0982a394c2374363","serviceName":"OrderService","methodName":"createOrder","consumerIp":"192.168.1.140","providerIp":"192.168.1.204","startTime":"2025-07-31T20:40:45.3790504","endTime":"2025-07-31T20:40:45.4840504","responseTime":105,"status":"SUCCESS","errorMessage":null,"requestParams":"鍙傛暟鏁伴噺: 4","responseStatus":"姝ｅ父"},{"callId":"b4c1535de4a649f2","serviceName":"OrderService","methodName":"updateOrderStatus","consumerIp":"192.168.1.144","providerIp":"192.168.1.201","startTime":"2025-07-31T20:36:25.3764144","endTime":"2025-07-31T20:36:25.4254144","responseTime":49,"status":"SUCCESS","errorMessage":null,"requestParams":"鍙傛暟鏁伴噺: 0","responseStatus":"姝ｅ父"},{"callId":"ad598aa28ff84983","serviceName":"OrderService","methodName":"getOrderById","consumerIp":"192.168.1.100","providerIp":"192.168.1.201","startTime":"2025-07-31T20:41:03.3736311","endTime":"2025-07-31T20:41:03.4566311","responseTime":83,"status":"SUCCESS","errorMessage":null,"requestParams":"鍙傛暟鏁伴噺: 1","responseStatus":"姝ｅ父"},{"callId":"dcd60495155a401a","serviceName":"OrderService","methodName":"createOrder","consumerIp":"192.168.1.138","providerIp":"192.168.1.202","startTime":"2025-07-31T20:37:35.3706962","endTime":"2025-07-31T20:37:36.1956962","responseTime":825,"status":"SUCCESS","errorMessage":null,"requestParams":"鍙傛暟鏁伴噺: 4","responseStatus":"姝ｅ父"},{"callId":"dd638a86d68f4cd1","serviceName":"UserService","methodName":"getUserById","consumerIp":"192.168.1.125","providerIp":"192.168.1.219","startTime":"2025-07-31T20:37:29.36813","endTime":"2025-07-31T20:37:29.46113","responseTime":93,"status":"SUCCESS","errorMessage":null,"requestParams":"鍙傛暟鏁伴噺: 3","responseStatus":"姝ｅ父"},{"callId":"fedafe6d41b6482f","serviceName":"PaymentService","methodName":"processPayment","consumerIp":"192.168.1.104","providerIp":"192.168.1.205","startTime":"2025-07-31T20:39:41.3411344","endTime":"2025-07-31T20:39:41.3601344","responseTime":19,"status":"SUCCESS","errorMessage":null,"requestParams":"鍙傛暟鏁伴噺: 3","responseStatus":"姝ｅ父"}],"timestamp":1753965747450}}
